Command line invocation:
    /Applications/Xcode.app/Contents/Developer/usr/bin/xcodebuild test -scheme Todo

ComputePackagePrebuildTargetDependencyGraph

Prepare packages

CreateBuildRequest

SendProjectDescription

CreateBuildOperation

ComputeTargetDependencyGraph
note: Building targets in dependency order
note: Target dependency graph (3 targets)
    Target 'TodoTests' in project 'Todo'
        ➜ Explicit dependency on target 'Todo' in project 'Todo'
    Target 'TodoUITests' in project 'Todo'
        ➜ Explicit dependency on target 'Todo' in project 'Todo'
    Target 'Todo' in project 'Todo' (no dependencies)

GatherProvisioningInputs

CreateBuildDescription

ExecuteExternalTool /Applications/Xcode.app/Contents/Developer/Toolchains/XcodeDefault.xctoolchain/usr/bin/swiftc --version

ExecuteExternalTool /Applications/Xcode.app/Contents/Developer/usr/bin/momc --dry-run --action generate --swift-version 5.0 --sdkroot /Applications/Xcode.app/Contents/Developer/Platforms/MacOSX.platform/Developer/SDKs/MacOSX15.5.sdk --macosx-deployment-target 15.4 --module Todo /Users/ben/code/Todo/Todo/Todo.xcdatamodeld /Users/ben/Library/Developer/Xcode/DerivedData/Todo-alvtuotkvbqfosbdvuppaknzabdc/Build/Intermediates.noindex/Todo.build/Debug/Todo.build/DerivedSources/CoreDataGenerated/Todo

ExecuteExternalTool /Applications/Xcode.app/Contents/Developer/Toolchains/XcodeDefault.xctoolchain/usr/bin/clang -v -E -dM -isysroot /Applications/Xcode.app/Contents/Developer/Platforms/MacOSX.platform/Developer/SDKs/MacOSX15.5.sdk -x c -c /dev/null

ExecuteExternalTool /Applications/Xcode.app/Contents/Developer/usr/bin/actool --version --output-format xml1

ExecuteExternalTool /Applications/Xcode.app/Contents/Developer/Toolchains/XcodeDefault.xctoolchain/usr/bin/ld -version_details

Build description signature: c4bd2996b70990d52bbc391114d4bf73
Build description path: /Users/ben/Library/Developer/Xcode/DerivedData/Todo-alvtuotkvbqfosbdvuppaknzabdc/Build/Intermediates.noindex/XCBuildData/c4bd2996b70990d52bbc391114d4bf73.xcbuilddata
ClangStatCache /Applications/Xcode.app/Contents/Developer/Toolchains/XcodeDefault.xctoolchain/usr/bin/clang-stat-cache /Applications/Xcode.app/Contents/Developer/Platforms/MacOSX.platform/Developer/SDKs/MacOSX15.5.sdk /Users/ben/Library/Developer/Xcode/DerivedData/SDKStatCaches.noindex/macosx15.5-24F74-8254517eb8b97d462ccbc072ba9094c9.sdkstatcache
    cd /Users/ben/code/Todo/Todo.xcodeproj
    /Applications/Xcode.app/Contents/Developer/Toolchains/XcodeDefault.xctoolchain/usr/bin/clang-stat-cache /Applications/Xcode.app/Contents/Developer/Platforms/MacOSX.platform/Developer/SDKs/MacOSX15.5.sdk -o /Users/ben/Library/Developer/Xcode/DerivedData/SDKStatCaches.noindex/macosx15.5-24F74-8254517eb8b97d462ccbc072ba9094c9.sdkstatcache

ProcessInfoPlistFile /Users/ben/Library/Developer/Xcode/DerivedData/Todo-alvtuotkvbqfosbdvuppaknzabdc/Build/Products/Debug/Todo.app/Contents/Info.plist /Users/ben/Library/Developer/Xcode/DerivedData/Todo-alvtuotkvbqfosbdvuppaknzabdc/Build/Intermediates.noindex/Todo.build/Debug/Todo.build/empty-Todo.plist (in target 'Todo' from project 'Todo')
    cd /Users/ben/code/Todo
    builtin-infoPlistUtility /Users/ben/Library/Developer/Xcode/DerivedData/Todo-alvtuotkvbqfosbdvuppaknzabdc/Build/Intermediates.noindex/Todo.build/Debug/Todo.build/empty-Todo.plist -producttype com.apple.product-type.application -genpkginfo /Users/ben/Library/Developer/Xcode/DerivedData/Todo-alvtuotkvbqfosbdvuppaknzabdc/Build/Products/Debug/Todo.app/Contents/PkgInfo -expandbuildsettings -platform macosx -additionalcontentfile /Users/ben/Library/Developer/Xcode/DerivedData/Todo-alvtuotkvbqfosbdvuppaknzabdc/Build/Intermediates.noindex/Todo.build/Debug/Todo.build/assetcatalog_generated_info.plist -o /Users/ben/Library/Developer/Xcode/DerivedData/Todo-alvtuotkvbqfosbdvuppaknzabdc/Build/Products/Debug/Todo.app/Contents/Info.plist

WriteAuxiliaryFile /Users/ben/Library/Developer/Xcode/DerivedData/Todo-alvtuotkvbqfosbdvuppaknzabdc/Build/Intermediates.noindex/Todo.build/Debug/TodoUITests.build/Objects-normal/arm64/TodoUITests.LinkFileList (in target 'TodoUITests' from project 'Todo')
    cd /Users/ben/code/Todo
    write-file /Users/ben/Library/Developer/Xcode/DerivedData/Todo-alvtuotkvbqfosbdvuppaknzabdc/Build/Intermediates.noindex/Todo.build/Debug/TodoUITests.build/Objects-normal/arm64/TodoUITests.LinkFileList

WriteAuxiliaryFile /Users/ben/Library/Developer/Xcode/DerivedData/Todo-alvtuotkvbqfosbdvuppaknzabdc/Build/Intermediates.noindex/Todo.build/Debug/TodoTests.build/Objects-normal/arm64/TodoTests.SwiftConstValuesFileList (in target 'TodoTests' from project 'Todo')
    cd /Users/ben/code/Todo
    write-file /Users/ben/Library/Developer/Xcode/DerivedData/Todo-alvtuotkvbqfosbdvuppaknzabdc/Build/Intermediates.noindex/Todo.build/Debug/TodoTests.build/Objects-normal/arm64/TodoTests.SwiftConstValuesFileList

WriteAuxiliaryFile /Users/ben/Library/Developer/Xcode/DerivedData/Todo-alvtuotkvbqfosbdvuppaknzabdc/Build/Intermediates.noindex/Todo.build/Debug/TodoTests.build/Objects-normal/arm64/TodoTests.LinkFileList (in target 'TodoTests' from project 'Todo')
    cd /Users/ben/code/Todo
    write-file /Users/ben/Library/Developer/Xcode/DerivedData/Todo-alvtuotkvbqfosbdvuppaknzabdc/Build/Intermediates.noindex/Todo.build/Debug/TodoTests.build/Objects-normal/arm64/TodoTests.LinkFileList

WriteAuxiliaryFile /Users/ben/Library/Developer/Xcode/DerivedData/Todo-alvtuotkvbqfosbdvuppaknzabdc/Build/Intermediates.noindex/Todo.build/Debug/TodoTests.build/Objects-normal/arm64/TodoTests.SwiftFileList (in target 'TodoTests' from project 'Todo')
    cd /Users/ben/code/Todo
    write-file /Users/ben/Library/Developer/Xcode/DerivedData/Todo-alvtuotkvbqfosbdvuppaknzabdc/Build/Intermediates.noindex/Todo.build/Debug/TodoTests.build/Objects-normal/arm64/TodoTests.SwiftFileList

WriteAuxiliaryFile /Users/ben/Library/Developer/Xcode/DerivedData/Todo-alvtuotkvbqfosbdvuppaknzabdc/Build/Intermediates.noindex/Todo.build/Debug/TodoUITests.build/Objects-normal/arm64/TodoUITests.SwiftConstValuesFileList (in target 'TodoUITests' from project 'Todo')
    cd /Users/ben/code/Todo
    write-file /Users/ben/Library/Developer/Xcode/DerivedData/Todo-alvtuotkvbqfosbdvuppaknzabdc/Build/Intermediates.noindex/Todo.build/Debug/TodoUITests.build/Objects-normal/arm64/TodoUITests.SwiftConstValuesFileList

WriteAuxiliaryFile /Users/ben/Library/Developer/Xcode/DerivedData/Todo-alvtuotkvbqfosbdvuppaknzabdc/Build/Intermediates.noindex/Todo.build/Debug/TodoUITests.build/Objects-normal/arm64/TodoUITests.SwiftFileList (in target 'TodoUITests' from project 'Todo')
    cd /Users/ben/code/Todo
    write-file /Users/ben/Library/Developer/Xcode/DerivedData/Todo-alvtuotkvbqfosbdvuppaknzabdc/Build/Intermediates.noindex/Todo.build/Debug/TodoUITests.build/Objects-normal/arm64/TodoUITests.SwiftFileList

SwiftDriver Todo normal arm64 com.apple.xcode.tools.swift.compiler (in target 'Todo' from project 'Todo')
    cd /Users/ben/code/Todo
    builtin-SwiftDriver -- /Applications/Xcode.app/Contents/Developer/Toolchains/XcodeDefault.xctoolchain/usr/bin/swiftc -module-name Todo -Onone -enforce-exclusivity\=checked @/Users/ben/Library/Developer/Xcode/DerivedData/Todo-alvtuotkvbqfosbdvuppaknzabdc/Build/Intermediates.noindex/Todo.build/Debug/Todo.build/Objects-normal/arm64/Todo.SwiftFileList -DDEBUG -enable-bare-slash-regex -enable-experimental-feature DebugDescriptionMacro -sdk /Applications/Xcode.app/Contents/Developer/Platforms/MacOSX.platform/Developer/SDKs/MacOSX15.5.sdk -target arm64-apple-macos15.4 -g -module-cache-path /Users/ben/Library/Developer/Xcode/DerivedData/ModuleCache.noindex -Xfrontend -serialize-debugging-options -profile-coverage-mapping -profile-generate -enable-testing -index-store-path /Users/ben/Library/Developer/Xcode/DerivedData/Todo-alvtuotkvbqfosbdvuppaknzabdc/Index.noindex/DataStore -swift-version 5 -I /Users/ben/Library/Developer/Xcode/DerivedData/Todo-alvtuotkvbqfosbdvuppaknzabdc/Build/Products/Debug -F /Users/ben/Library/Developer/Xcode/DerivedData/Todo-alvtuotkvbqfosbdvuppaknzabdc/Build/Products/Debug -emit-localized-strings -emit-localized-strings-path /Users/ben/Library/Developer/Xcode/DerivedData/Todo-alvtuotkvbqfosbdvuppaknzabdc/Build/Intermediates.noindex/Todo.build/Debug/Todo.build/Objects-normal/arm64 -c -j10 -enable-batch-mode -incremental -Xcc -ivfsstatcache -Xcc /Users/ben/Library/Developer/Xcode/DerivedData/SDKStatCaches.noindex/macosx15.5-24F74-8254517eb8b97d462ccbc072ba9094c9.sdkstatcache -output-file-map /Users/ben/Library/Developer/Xcode/DerivedData/Todo-alvtuotkvbqfosbdvuppaknzabdc/Build/Intermediates.noindex/Todo.build/Debug/Todo.build/Objects-normal/arm64/Todo-OutputFileMap.json -use-frontend-parseable-output -save-temps -no-color-diagnostics -serialize-diagnostics -emit-dependencies -emit-module -emit-module-path /Users/ben/Library/Developer/Xcode/DerivedData/Todo-alvtuotkvbqfosbdvuppaknzabdc/Build/Intermediates.noindex/Todo.build/Debug/Todo.build/Objects-normal/arm64/Todo.swiftmodule -validate-clang-modules-once -clang-build-session-file /Users/ben/Library/Developer/Xcode/DerivedData/ModuleCache.noindex/Session.modulevalidation -Xcc -I/Users/ben/Library/Developer/Xcode/DerivedData/Todo-alvtuotkvbqfosbdvuppaknzabdc/Build/Intermediates.noindex/Todo.build/Debug/Todo.build/swift-overrides.hmap -emit-const-values -Xfrontend -const-gather-protocols-file -Xfrontend /Users/ben/Library/Developer/Xcode/DerivedData/Todo-alvtuotkvbqfosbdvuppaknzabdc/Build/Intermediates.noindex/Todo.build/Debug/Todo.build/Objects-normal/arm64/Todo_const_extract_protocols.json -Xcc -iquote -Xcc /Users/ben/Library/Developer/Xcode/DerivedData/Todo-alvtuotkvbqfosbdvuppaknzabdc/Build/Intermediates.noindex/Todo.build/Debug/Todo.build/Todo-generated-files.hmap -Xcc -I/Users/ben/Library/Developer/Xcode/DerivedData/Todo-alvtuotkvbqfosbdvuppaknzabdc/Build/Intermediates.noindex/Todo.build/Debug/Todo.build/Todo-own-target-headers.hmap -Xcc -I/Users/ben/Library/Developer/Xcode/DerivedData/Todo-alvtuotkvbqfosbdvuppaknzabdc/Build/Intermediates.noindex/Todo.build/Debug/Todo.build/Todo-all-target-headers.hmap -Xcc -iquote -Xcc /Users/ben/Library/Developer/Xcode/DerivedData/Todo-alvtuotkvbqfosbdvuppaknzabdc/Build/Intermediates.noindex/Todo.build/Debug/Todo.build/Todo-project-headers.hmap -Xcc -I/Users/ben/Library/Developer/Xcode/DerivedData/Todo-alvtuotkvbqfosbdvuppaknzabdc/Build/Products/Debug/include -Xcc -I/Users/ben/Library/Developer/Xcode/DerivedData/Todo-alvtuotkvbqfosbdvuppaknzabdc/Build/Intermediates.noindex/Todo.build/Debug/Todo.build/DerivedSources-normal/arm64 -Xcc -I/Users/ben/Library/Developer/Xcode/DerivedData/Todo-alvtuotkvbqfosbdvuppaknzabdc/Build/Intermediates.noindex/Todo.build/Debug/Todo.build/DerivedSources/arm64 -Xcc -I/Users/ben/Library/Developer/Xcode/DerivedData/Todo-alvtuotkvbqfosbdvuppaknzabdc/Build/Intermediates.noindex/Todo.build/Debug/Todo.build/DerivedSources -Xcc -DDEBUG\=1 -emit-objc-header -emit-objc-header-path /Users/ben/Library/Developer/Xcode/DerivedData/Todo-alvtuotkvbqfosbdvuppaknzabdc/Build/Intermediates.noindex/Todo.build/Debug/Todo.build/Objects-normal/arm64/Todo-Swift.h -working-directory /Users/ben/code/Todo -experimental-emit-module-separately -disable-cmo

SwiftEmitModule normal arm64 Emitting\ module\ for\ Todo (in target 'Todo' from project 'Todo')

EmitSwiftModule normal arm64 (in target 'Todo' from project 'Todo')
    cd /Users/ben/code/Todo
    

SwiftCompile normal arm64 Compiling\ CoreDataTaskRepository.swift /Users/ben/code/Todo/Todo/Repositories/CoreDataTaskRepository.swift (in target 'Todo' from project 'Todo')

SwiftCompile normal arm64 /Users/ben/code/Todo/Todo/Repositories/CoreDataTaskRepository.swift (in target 'Todo' from project 'Todo')
    cd /Users/ben/code/Todo
    

SwiftCompile normal arm64 Compiling\ TaskRepository.swift /Users/ben/code/Todo/Todo/Repositories/TaskRepository.swift (in target 'Todo' from project 'Todo')

SwiftCompile normal arm64 /Users/ben/code/Todo/Todo/Repositories/TaskRepository.swift (in target 'Todo' from project 'Todo')
    cd /Users/ben/code/Todo
    

SwiftDriverJobDiscovery normal arm64 Compiling TaskRepository.swift (in target 'Todo' from project 'Todo')

SwiftDriverJobDiscovery normal arm64 Compiling CoreDataTaskRepository.swift (in target 'Todo' from project 'Todo')

SwiftDriverJobDiscovery normal arm64 Emitting module for Todo (in target 'Todo' from project 'Todo')

SwiftDriver\ Compilation\ Requirements Todo normal arm64 com.apple.xcode.tools.swift.compiler (in target 'Todo' from project 'Todo')
    cd /Users/ben/code/Todo
    builtin-Swift-Compilation-Requirements -- /Applications/Xcode.app/Contents/Developer/Toolchains/XcodeDefault.xctoolchain/usr/bin/swiftc -module-name Todo -Onone -enforce-exclusivity\=checked @/Users/ben/Library/Developer/Xcode/DerivedData/Todo-alvtuotkvbqfosbdvuppaknzabdc/Build/Intermediates.noindex/Todo.build/Debug/Todo.build/Objects-normal/arm64/Todo.SwiftFileList -DDEBUG -enable-bare-slash-regex -enable-experimental-feature DebugDescriptionMacro -sdk /Applications/Xcode.app/Contents/Developer/Platforms/MacOSX.platform/Developer/SDKs/MacOSX15.5.sdk -target arm64-apple-macos15.4 -g -module-cache-path /Users/ben/Library/Developer/Xcode/DerivedData/ModuleCache.noindex -Xfrontend -serialize-debugging-options -profile-coverage-mapping -profile-generate -enable-testing -index-store-path /Users/ben/Library/Developer/Xcode/DerivedData/Todo-alvtuotkvbqfosbdvuppaknzabdc/Index.noindex/DataStore -swift-version 5 -I /Users/ben/Library/Developer/Xcode/DerivedData/Todo-alvtuotkvbqfosbdvuppaknzabdc/Build/Products/Debug -F /Users/ben/Library/Developer/Xcode/DerivedData/Todo-alvtuotkvbqfosbdvuppaknzabdc/Build/Products/Debug -emit-localized-strings -emit-localized-strings-path /Users/ben/Library/Developer/Xcode/DerivedData/Todo-alvtuotkvbqfosbdvuppaknzabdc/Build/Intermediates.noindex/Todo.build/Debug/Todo.build/Objects-normal/arm64 -c -j10 -enable-batch-mode -incremental -Xcc -ivfsstatcache -Xcc /Users/ben/Library/Developer/Xcode/DerivedData/SDKStatCaches.noindex/macosx15.5-24F74-8254517eb8b97d462ccbc072ba9094c9.sdkstatcache -output-file-map /Users/ben/Library/Developer/Xcode/DerivedData/Todo-alvtuotkvbqfosbdvuppaknzabdc/Build/Intermediates.noindex/Todo.build/Debug/Todo.build/Objects-normal/arm64/Todo-OutputFileMap.json -use-frontend-parseable-output -save-temps -no-color-diagnostics -serialize-diagnostics -emit-dependencies -emit-module -emit-module-path /Users/ben/Library/Developer/Xcode/DerivedData/Todo-alvtuotkvbqfosbdvuppaknzabdc/Build/Intermediates.noindex/Todo.build/Debug/Todo.build/Objects-normal/arm64/Todo.swiftmodule -validate-clang-modules-once -clang-build-session-file /Users/ben/Library/Developer/Xcode/DerivedData/ModuleCache.noindex/Session.modulevalidation -Xcc -I/Users/ben/Library/Developer/Xcode/DerivedData/Todo-alvtuotkvbqfosbdvuppaknzabdc/Build/Intermediates.noindex/Todo.build/Debug/Todo.build/swift-overrides.hmap -emit-const-values -Xfrontend -const-gather-protocols-file -Xfrontend /Users/ben/Library/Developer/Xcode/DerivedData/Todo-alvtuotkvbqfosbdvuppaknzabdc/Build/Intermediates.noindex/Todo.build/Debug/Todo.build/Objects-normal/arm64/Todo_const_extract_protocols.json -Xcc -iquote -Xcc /Users/ben/Library/Developer/Xcode/DerivedData/Todo-alvtuotkvbqfosbdvuppaknzabdc/Build/Intermediates.noindex/Todo.build/Debug/Todo.build/Todo-generated-files.hmap -Xcc -I/Users/ben/Library/Developer/Xcode/DerivedData/Todo-alvtuotkvbqfosbdvuppaknzabdc/Build/Intermediates.noindex/Todo.build/Debug/Todo.build/Todo-own-target-headers.hmap -Xcc -I/Users/ben/Library/Developer/Xcode/DerivedData/Todo-alvtuotkvbqfosbdvuppaknzabdc/Build/Intermediates.noindex/Todo.build/Debug/Todo.build/Todo-all-target-headers.hmap -Xcc -iquote -Xcc /Users/ben/Library/Developer/Xcode/DerivedData/Todo-alvtuotkvbqfosbdvuppaknzabdc/Build/Intermediates.noindex/Todo.build/Debug/Todo.build/Todo-project-headers.hmap -Xcc -I/Users/ben/Library/Developer/Xcode/DerivedData/Todo-alvtuotkvbqfosbdvuppaknzabdc/Build/Products/Debug/include -Xcc -I/Users/ben/Library/Developer/Xcode/DerivedData/Todo-alvtuotkvbqfosbdvuppaknzabdc/Build/Intermediates.noindex/Todo.build/Debug/Todo.build/DerivedSources-normal/arm64 -Xcc -I/Users/ben/Library/Developer/Xcode/DerivedData/Todo-alvtuotkvbqfosbdvuppaknzabdc/Build/Intermediates.noindex/Todo.build/Debug/Todo.build/DerivedSources/arm64 -Xcc -I/Users/ben/Library/Developer/Xcode/DerivedData/Todo-alvtuotkvbqfosbdvuppaknzabdc/Build/Intermediates.noindex/Todo.build/Debug/Todo.build/DerivedSources -Xcc -DDEBUG\=1 -emit-objc-header -emit-objc-header-path /Users/ben/Library/Developer/Xcode/DerivedData/Todo-alvtuotkvbqfosbdvuppaknzabdc/Build/Intermediates.noindex/Todo.build/Debug/Todo.build/Objects-normal/arm64/Todo-Swift.h -working-directory /Users/ben/code/Todo -experimental-emit-module-separately -disable-cmo

SwiftDriver\ Compilation Todo normal arm64 com.apple.xcode.tools.swift.compiler (in target 'Todo' from project 'Todo')
    cd /Users/ben/code/Todo
    builtin-Swift-Compilation -- /Applications/Xcode.app/Contents/Developer/Toolchains/XcodeDefault.xctoolchain/usr/bin/swiftc -module-name Todo -Onone -enforce-exclusivity\=checked @/Users/ben/Library/Developer/Xcode/DerivedData/Todo-alvtuotkvbqfosbdvuppaknzabdc/Build/Intermediates.noindex/Todo.build/Debug/Todo.build/Objects-normal/arm64/Todo.SwiftFileList -DDEBUG -enable-bare-slash-regex -enable-experimental-feature DebugDescriptionMacro -sdk /Applications/Xcode.app/Contents/Developer/Platforms/MacOSX.platform/Developer/SDKs/MacOSX15.5.sdk -target arm64-apple-macos15.4 -g -module-cache-path /Users/ben/Library/Developer/Xcode/DerivedData/ModuleCache.noindex -Xfrontend -serialize-debugging-options -profile-coverage-mapping -profile-generate -enable-testing -index-store-path /Users/ben/Library/Developer/Xcode/DerivedData/Todo-alvtuotkvbqfosbdvuppaknzabdc/Index.noindex/DataStore -swift-version 5 -I /Users/ben/Library/Developer/Xcode/DerivedData/Todo-alvtuotkvbqfosbdvuppaknzabdc/Build/Products/Debug -F /Users/ben/Library/Developer/Xcode/DerivedData/Todo-alvtuotkvbqfosbdvuppaknzabdc/Build/Products/Debug -emit-localized-strings -emit-localized-strings-path /Users/ben/Library/Developer/Xcode/DerivedData/Todo-alvtuotkvbqfosbdvuppaknzabdc/Build/Intermediates.noindex/Todo.build/Debug/Todo.build/Objects-normal/arm64 -c -j10 -enable-batch-mode -incremental -Xcc -ivfsstatcache -Xcc /Users/ben/Library/Developer/Xcode/DerivedData/SDKStatCaches.noindex/macosx15.5-24F74-8254517eb8b97d462ccbc072ba9094c9.sdkstatcache -output-file-map /Users/ben/Library/Developer/Xcode/DerivedData/Todo-alvtuotkvbqfosbdvuppaknzabdc/Build/Intermediates.noindex/Todo.build/Debug/Todo.build/Objects-normal/arm64/Todo-OutputFileMap.json -use-frontend-parseable-output -save-temps -no-color-diagnostics -serialize-diagnostics -emit-dependencies -emit-module -emit-module-path /Users/ben/Library/Developer/Xcode/DerivedData/Todo-alvtuotkvbqfosbdvuppaknzabdc/Build/Intermediates.noindex/Todo.build/Debug/Todo.build/Objects-normal/arm64/Todo.swiftmodule -validate-clang-modules-once -clang-build-session-file /Users/ben/Library/Developer/Xcode/DerivedData/ModuleCache.noindex/Session.modulevalidation -Xcc -I/Users/ben/Library/Developer/Xcode/DerivedData/Todo-alvtuotkvbqfosbdvuppaknzabdc/Build/Intermediates.noindex/Todo.build/Debug/Todo.build/swift-overrides.hmap -emit-const-values -Xfrontend -const-gather-protocols-file -Xfrontend /Users/ben/Library/Developer/Xcode/DerivedData/Todo-alvtuotkvbqfosbdvuppaknzabdc/Build/Intermediates.noindex/Todo.build/Debug/Todo.build/Objects-normal/arm64/Todo_const_extract_protocols.json -Xcc -iquote -Xcc /Users/ben/Library/Developer/Xcode/DerivedData/Todo-alvtuotkvbqfosbdvuppaknzabdc/Build/Intermediates.noindex/Todo.build/Debug/Todo.build/Todo-generated-files.hmap -Xcc -I/Users/ben/Library/Developer/Xcode/DerivedData/Todo-alvtuotkvbqfosbdvuppaknzabdc/Build/Intermediates.noindex/Todo.build/Debug/Todo.build/Todo-own-target-headers.hmap -Xcc -I/Users/ben/Library/Developer/Xcode/DerivedData/Todo-alvtuotkvbqfosbdvuppaknzabdc/Build/Intermediates.noindex/Todo.build/Debug/Todo.build/Todo-all-target-headers.hmap -Xcc -iquote -Xcc /Users/ben/Library/Developer/Xcode/DerivedData/Todo-alvtuotkvbqfosbdvuppaknzabdc/Build/Intermediates.noindex/Todo.build/Debug/Todo.build/Todo-project-headers.hmap -Xcc -I/Users/ben/Library/Developer/Xcode/DerivedData/Todo-alvtuotkvbqfosbdvuppaknzabdc/Build/Products/Debug/include -Xcc -I/Users/ben/Library/Developer/Xcode/DerivedData/Todo-alvtuotkvbqfosbdvuppaknzabdc/Build/Intermediates.noindex/Todo.build/Debug/Todo.build/DerivedSources-normal/arm64 -Xcc -I/Users/ben/Library/Developer/Xcode/DerivedData/Todo-alvtuotkvbqfosbdvuppaknzabdc/Build/Intermediates.noindex/Todo.build/Debug/Todo.build/DerivedSources/arm64 -Xcc -I/Users/ben/Library/Developer/Xcode/DerivedData/Todo-alvtuotkvbqfosbdvuppaknzabdc/Build/Intermediates.noindex/Todo.build/Debug/Todo.build/DerivedSources -Xcc -DDEBUG\=1 -emit-objc-header -emit-objc-header-path /Users/ben/Library/Developer/Xcode/DerivedData/Todo-alvtuotkvbqfosbdvuppaknzabdc/Build/Intermediates.noindex/Todo.build/Debug/Todo.build/Objects-normal/arm64/Todo-Swift.h -working-directory /Users/ben/code/Todo -experimental-emit-module-separately -disable-cmo

Copy /Users/ben/Library/Developer/Xcode/DerivedData/Todo-alvtuotkvbqfosbdvuppaknzabdc/Build/Products/Debug/Todo.swiftmodule/Project/arm64-apple-macos.swiftsourceinfo /Users/ben/Library/Developer/Xcode/DerivedData/Todo-alvtuotkvbqfosbdvuppaknzabdc/Build/Intermediates.noindex/Todo.build/Debug/Todo.build/Objects-normal/arm64/Todo.swiftsourceinfo (in target 'Todo' from project 'Todo')
    cd /Users/ben/code/Todo
    builtin-copy -exclude .DS_Store -exclude CVS -exclude .svn -exclude .git -exclude .hg -resolve-src-symlinks -rename /Users/ben/Library/Developer/Xcode/DerivedData/Todo-alvtuotkvbqfosbdvuppaknzabdc/Build/Intermediates.noindex/Todo.build/Debug/Todo.build/Objects-normal/arm64/Todo.swiftsourceinfo /Users/ben/Library/Developer/Xcode/DerivedData/Todo-alvtuotkvbqfosbdvuppaknzabdc/Build/Products/Debug/Todo.swiftmodule/Project/arm64-apple-macos.swiftsourceinfo

Copy /Users/ben/Library/Developer/Xcode/DerivedData/Todo-alvtuotkvbqfosbdvuppaknzabdc/Build/Products/Debug/Todo.swiftmodule/arm64-apple-macos.swiftmodule /Users/ben/Library/Developer/Xcode/DerivedData/Todo-alvtuotkvbqfosbdvuppaknzabdc/Build/Intermediates.noindex/Todo.build/Debug/Todo.build/Objects-normal/arm64/Todo.swiftmodule (in target 'Todo' from project 'Todo')
    cd /Users/ben/code/Todo
    builtin-copy -exclude .DS_Store -exclude CVS -exclude .svn -exclude .git -exclude .hg -resolve-src-symlinks -rename /Users/ben/Library/Developer/Xcode/DerivedData/Todo-alvtuotkvbqfosbdvuppaknzabdc/Build/Intermediates.noindex/Todo.build/Debug/Todo.build/Objects-normal/arm64/Todo.swiftmodule /Users/ben/Library/Developer/Xcode/DerivedData/Todo-alvtuotkvbqfosbdvuppaknzabdc/Build/Products/Debug/Todo.swiftmodule/arm64-apple-macos.swiftmodule

Copy /Users/ben/Library/Developer/Xcode/DerivedData/Todo-alvtuotkvbqfosbdvuppaknzabdc/Build/Products/Debug/Todo.swiftmodule/arm64-apple-macos.abi.json /Users/ben/Library/Developer/Xcode/DerivedData/Todo-alvtuotkvbqfosbdvuppaknzabdc/Build/Intermediates.noindex/Todo.build/Debug/Todo.build/Objects-normal/arm64/Todo.abi.json (in target 'Todo' from project 'Todo')
    cd /Users/ben/code/Todo
    builtin-copy -exclude .DS_Store -exclude CVS -exclude .svn -exclude .git -exclude .hg -resolve-src-symlinks -rename /Users/ben/Library/Developer/Xcode/DerivedData/Todo-alvtuotkvbqfosbdvuppaknzabdc/Build/Intermediates.noindex/Todo.build/Debug/Todo.build/Objects-normal/arm64/Todo.abi.json /Users/ben/Library/Developer/Xcode/DerivedData/Todo-alvtuotkvbqfosbdvuppaknzabdc/Build/Products/Debug/Todo.swiftmodule/arm64-apple-macos.abi.json

Ld /Users/ben/Library/Developer/Xcode/DerivedData/Todo-alvtuotkvbqfosbdvuppaknzabdc/Build/Products/Debug/Todo.app/Contents/MacOS/Todo.debug.dylib normal (in target 'Todo' from project 'Todo')
    cd /Users/ben/code/Todo
    /Applications/Xcode.app/Contents/Developer/Toolchains/XcodeDefault.xctoolchain/usr/bin/clang -Xlinker -reproducible -target arm64-apple-macos15.4 -dynamiclib -isysroot /Applications/Xcode.app/Contents/Developer/Platforms/MacOSX.platform/Developer/SDKs/MacOSX15.5.sdk -O0 -L/Users/ben/Library/Developer/Xcode/DerivedData/Todo-alvtuotkvbqfosbdvuppaknzabdc/Build/Intermediates.noindex/EagerLinkingTBDs/Debug -L/Users/ben/Library/Developer/Xcode/DerivedData/Todo-alvtuotkvbqfosbdvuppaknzabdc/Build/Products/Debug -F/Users/ben/Library/Developer/Xcode/DerivedData/Todo-alvtuotkvbqfosbdvuppaknzabdc/Build/Intermediates.noindex/EagerLinkingTBDs/Debug -F/Users/ben/Library/Developer/Xcode/DerivedData/Todo-alvtuotkvbqfosbdvuppaknzabdc/Build/Products/Debug -filelist /Users/ben/Library/Developer/Xcode/DerivedData/Todo-alvtuotkvbqfosbdvuppaknzabdc/Build/Intermediates.noindex/Todo.build/Debug/Todo.build/Objects-normal/arm64/Todo.LinkFileList -install_name @rpath/Todo.debug.dylib -Xlinker -rpath -Xlinker @executable_path/../Frameworks -Xlinker -object_path_lto -Xlinker /Users/ben/Library/Developer/Xcode/DerivedData/Todo-alvtuotkvbqfosbdvuppaknzabdc/Build/Intermediates.noindex/Todo.build/Debug/Todo.build/Objects-normal/arm64/Todo_lto.o -rdynamic -Xlinker -no_deduplicate -Xlinker -debug_variant -Xlinker -dependency_info -Xlinker /Users/ben/Library/Developer/Xcode/DerivedData/Todo-alvtuotkvbqfosbdvuppaknzabdc/Build/Intermediates.noindex/Todo.build/Debug/Todo.build/Objects-normal/arm64/Todo_dependency_info.dat -fobjc-link-runtime -fprofile-instr-generate -L/Applications/Xcode.app/Contents/Developer/Toolchains/XcodeDefault.xctoolchain/usr/lib/swift/macosx -L/usr/lib/swift -Xlinker -add_ast_path -Xlinker /Users/ben/Library/Developer/Xcode/DerivedData/Todo-alvtuotkvbqfosbdvuppaknzabdc/Build/Intermediates.noindex/Todo.build/Debug/Todo.build/Objects-normal/arm64/Todo.swiftmodule -Xlinker -alias -Xlinker _main -Xlinker ___debug_main_executable_dylib_entry_point -Xlinker -no_adhoc_codesign -o /Users/ben/Library/Developer/Xcode/DerivedData/Todo-alvtuotkvbqfosbdvuppaknzabdc/Build/Products/Debug/Todo.app/Contents/MacOS/Todo.debug.dylib

SwiftDriver TodoUITests normal arm64 com.apple.xcode.tools.swift.compiler (in target 'TodoUITests' from project 'Todo')
    cd /Users/ben/code/Todo
    builtin-SwiftDriver -- /Applications/Xcode.app/Contents/Developer/Toolchains/XcodeDefault.xctoolchain/usr/bin/swiftc -module-name TodoUITests -Onone -enforce-exclusivity\=checked @/Users/ben/Library/Developer/Xcode/DerivedData/Todo-alvtuotkvbqfosbdvuppaknzabdc/Build/Intermediates.noindex/Todo.build/Debug/TodoUITests.build/Objects-normal/arm64/TodoUITests.SwiftFileList -DDEBUG -module-alias Testing\=_Testing_Unavailable -plugin-path /Applications/Xcode.app/Contents/Developer/Toolchains/XcodeDefault.xctoolchain/usr/lib/swift/host/plugins/testing -enable-bare-slash-regex -enable-experimental-feature DebugDescriptionMacro -sdk /Applications/Xcode.app/Contents/Developer/Platforms/MacOSX.platform/Developer/SDKs/MacOSX15.5.sdk -target arm64-apple-macos15.4 -g -module-cache-path /Users/ben/Library/Developer/Xcode/DerivedData/ModuleCache.noindex -Xfrontend -serialize-debugging-options -profile-coverage-mapping -profile-generate -enable-testing -index-store-path /Users/ben/Library/Developer/Xcode/DerivedData/Todo-alvtuotkvbqfosbdvuppaknzabdc/Index.noindex/DataStore -swift-version 5 -I /Users/ben/Library/Developer/Xcode/DerivedData/Todo-alvtuotkvbqfosbdvuppaknzabdc/Build/Products/Debug -I /Applications/Xcode.app/Contents/Developer/Platforms/MacOSX.platform/Developer/usr/lib -F /Users/ben/Library/Developer/Xcode/DerivedData/Todo-alvtuotkvbqfosbdvuppaknzabdc/Build/Products/Debug -F /Applications/Xcode.app/Contents/Developer/Platforms/MacOSX.platform/Developer/Library/Frameworks -c -j10 -enable-batch-mode -incremental -Xcc -ivfsstatcache -Xcc /Users/ben/Library/Developer/Xcode/DerivedData/SDKStatCaches.noindex/macosx15.5-24F74-8254517eb8b97d462ccbc072ba9094c9.sdkstatcache -output-file-map /Users/ben/Library/Developer/Xcode/DerivedData/Todo-alvtuotkvbqfosbdvuppaknzabdc/Build/Intermediates.noindex/Todo.build/Debug/TodoUITests.build/Objects-normal/arm64/TodoUITests-OutputFileMap.json -use-frontend-parseable-output -save-temps -no-color-diagnostics -serialize-diagnostics -emit-dependencies -emit-module -emit-module-path /Users/ben/Library/Developer/Xcode/DerivedData/Todo-alvtuotkvbqfosbdvuppaknzabdc/Build/Intermediates.noindex/Todo.build/Debug/TodoUITests.build/Objects-normal/arm64/TodoUITests.swiftmodule -validate-clang-modules-once -clang-build-session-file /Users/ben/Library/Developer/Xcode/DerivedData/ModuleCache.noindex/Session.modulevalidation -Xcc -I/Users/ben/Library/Developer/Xcode/DerivedData/Todo-alvtuotkvbqfosbdvuppaknzabdc/Build/Intermediates.noindex/Todo.build/Debug/TodoUITests.build/swift-overrides.hmap -emit-const-values -Xfrontend -const-gather-protocols-file -Xfrontend /Users/ben/Library/Developer/Xcode/DerivedData/Todo-alvtuotkvbqfosbdvuppaknzabdc/Build/Intermediates.noindex/Todo.build/Debug/TodoUITests.build/Objects-normal/arm64/TodoUITests_const_extract_protocols.json -Xcc -iquote -Xcc /Users/ben/Library/Developer/Xcode/DerivedData/Todo-alvtuotkvbqfosbdvuppaknzabdc/Build/Intermediates.noindex/Todo.build/Debug/TodoUITests.build/TodoUITests-generated-files.hmap -Xcc -I/Users/ben/Library/Developer/Xcode/DerivedData/Todo-alvtuotkvbqfosbdvuppaknzabdc/Build/Intermediates.noindex/Todo.build/Debug/TodoUITests.build/TodoUITests-own-target-headers.hmap -Xcc -I/Users/ben/Library/Developer/Xcode/DerivedData/Todo-alvtuotkvbqfosbdvuppaknzabdc/Build/Intermediates.noindex/Todo.build/Debug/TodoUITests.build/TodoUITests-all-target-headers.hmap -Xcc -iquote -Xcc /Users/ben/Library/Developer/Xcode/DerivedData/Todo-alvtuotkvbqfosbdvuppaknzabdc/Build/Intermediates.noindex/Todo.build/Debug/TodoUITests.build/TodoUITests-project-headers.hmap -Xcc -I/Users/ben/Library/Developer/Xcode/DerivedData/Todo-alvtuotkvbqfosbdvuppaknzabdc/Build/Products/Debug/include -Xcc -I/Users/ben/Library/Developer/Xcode/DerivedData/Todo-alvtuotkvbqfosbdvuppaknzabdc/Build/Intermediates.noindex/Todo.build/Debug/TodoUITests.build/DerivedSources-normal/arm64 -Xcc -I/Users/ben/Library/Developer/Xcode/DerivedData/Todo-alvtuotkvbqfosbdvuppaknzabdc/Build/Intermediates.noindex/Todo.build/Debug/TodoUITests.build/DerivedSources/arm64 -Xcc -I/Users/ben/Library/Developer/Xcode/DerivedData/Todo-alvtuotkvbqfosbdvuppaknzabdc/Build/Intermediates.noindex/Todo.build/Debug/TodoUITests.build/DerivedSources -Xcc -DDEBUG\=1 -emit-objc-header -emit-objc-header-path /Users/ben/Library/Developer/Xcode/DerivedData/Todo-alvtuotkvbqfosbdvuppaknzabdc/Build/Intermediates.noindex/Todo.build/Debug/TodoUITests.build/Objects-normal/arm64/TodoUITests-Swift.h -working-directory /Users/ben/code/Todo -experimental-emit-module-separately -disable-cmo

SwiftDriver TodoTests normal arm64 com.apple.xcode.tools.swift.compiler (in target 'TodoTests' from project 'Todo')
    cd /Users/ben/code/Todo
    builtin-SwiftDriver -- /Applications/Xcode.app/Contents/Developer/Toolchains/XcodeDefault.xctoolchain/usr/bin/swiftc -module-name TodoTests -Onone -enforce-exclusivity\=checked @/Users/ben/Library/Developer/Xcode/DerivedData/Todo-alvtuotkvbqfosbdvuppaknzabdc/Build/Intermediates.noindex/Todo.build/Debug/TodoTests.build/Objects-normal/arm64/TodoTests.SwiftFileList -DDEBUG -plugin-path /Applications/Xcode.app/Contents/Developer/Toolchains/XcodeDefault.xctoolchain/usr/lib/swift/host/plugins/testing -enable-bare-slash-regex -enable-experimental-feature DebugDescriptionMacro -sdk /Applications/Xcode.app/Contents/Developer/Platforms/MacOSX.platform/Developer/SDKs/MacOSX15.5.sdk -target arm64-apple-macos15.4 -g -module-cache-path /Users/ben/Library/Developer/Xcode/DerivedData/ModuleCache.noindex -Xfrontend -serialize-debugging-options -profile-coverage-mapping -profile-generate -enable-testing -index-store-path /Users/ben/Library/Developer/Xcode/DerivedData/Todo-alvtuotkvbqfosbdvuppaknzabdc/Index.noindex/DataStore -swift-version 5 -I /Users/ben/Library/Developer/Xcode/DerivedData/Todo-alvtuotkvbqfosbdvuppaknzabdc/Build/Products/Debug -I /Applications/Xcode.app/Contents/Developer/Platforms/MacOSX.platform/Developer/usr/lib -F /Users/ben/Library/Developer/Xcode/DerivedData/Todo-alvtuotkvbqfosbdvuppaknzabdc/Build/Products/Debug -F /Applications/Xcode.app/Contents/Developer/Platforms/MacOSX.platform/Developer/Library/Frameworks -c -j10 -enable-batch-mode -incremental -Xcc -ivfsstatcache -Xcc /Users/ben/Library/Developer/Xcode/DerivedData/SDKStatCaches.noindex/macosx15.5-24F74-8254517eb8b97d462ccbc072ba9094c9.sdkstatcache -output-file-map /Users/ben/Library/Developer/Xcode/DerivedData/Todo-alvtuotkvbqfosbdvuppaknzabdc/Build/Intermediates.noindex/Todo.build/Debug/TodoTests.build/Objects-normal/arm64/TodoTests-OutputFileMap.json -use-frontend-parseable-output -save-temps -no-color-diagnostics -serialize-diagnostics -emit-dependencies -emit-module -emit-module-path /Users/ben/Library/Developer/Xcode/DerivedData/Todo-alvtuotkvbqfosbdvuppaknzabdc/Build/Intermediates.noindex/Todo.build/Debug/TodoTests.build/Objects-normal/arm64/TodoTests.swiftmodule -validate-clang-modules-once -clang-build-session-file /Users/ben/Library/Developer/Xcode/DerivedData/ModuleCache.noindex/Session.modulevalidation -Xcc -I/Users/ben/Library/Developer/Xcode/DerivedData/Todo-alvtuotkvbqfosbdvuppaknzabdc/Build/Intermediates.noindex/Todo.build/Debug/TodoTests.build/swift-overrides.hmap -emit-const-values -Xfrontend -const-gather-protocols-file -Xfrontend /Users/ben/Library/Developer/Xcode/DerivedData/Todo-alvtuotkvbqfosbdvuppaknzabdc/Build/Intermediates.noindex/Todo.build/Debug/TodoTests.build/Objects-normal/arm64/TodoTests_const_extract_protocols.json -Xcc -iquote -Xcc /Users/ben/Library/Developer/Xcode/DerivedData/Todo-alvtuotkvbqfosbdvuppaknzabdc/Build/Intermediates.noindex/Todo.build/Debug/TodoTests.build/TodoTests-generated-files.hmap -Xcc -I/Users/ben/Library/Developer/Xcode/DerivedData/Todo-alvtuotkvbqfosbdvuppaknzabdc/Build/Intermediates.noindex/Todo.build/Debug/TodoTests.build/TodoTests-own-target-headers.hmap -Xcc -I/Users/ben/Library/Developer/Xcode/DerivedData/Todo-alvtuotkvbqfosbdvuppaknzabdc/Build/Intermediates.noindex/Todo.build/Debug/TodoTests.build/TodoTests-all-target-headers.hmap -Xcc -iquote -Xcc /Users/ben/Library/Developer/Xcode/DerivedData/Todo-alvtuotkvbqfosbdvuppaknzabdc/Build/Intermediates.noindex/Todo.build/Debug/TodoTests.build/TodoTests-project-headers.hmap -Xcc -I/Users/ben/Library/Developer/Xcode/DerivedData/Todo-alvtuotkvbqfosbdvuppaknzabdc/Build/Products/Debug/include -Xcc -I/Users/ben/Library/Developer/Xcode/DerivedData/Todo-alvtuotkvbqfosbdvuppaknzabdc/Build/Intermediates.noindex/Todo.build/Debug/TodoTests.build/DerivedSources-normal/arm64 -Xcc -I/Users/ben/Library/Developer/Xcode/DerivedData/Todo-alvtuotkvbqfosbdvuppaknzabdc/Build/Intermediates.noindex/Todo.build/Debug/TodoTests.build/DerivedSources/arm64 -Xcc -I/Users/ben/Library/Developer/Xcode/DerivedData/Todo-alvtuotkvbqfosbdvuppaknzabdc/Build/Intermediates.noindex/Todo.build/Debug/TodoTests.build/DerivedSources -Xcc -DDEBUG\=1 -emit-objc-header -emit-objc-header-path /Users/ben/Library/Developer/Xcode/DerivedData/Todo-alvtuotkvbqfosbdvuppaknzabdc/Build/Intermediates.noindex/Todo.build/Debug/TodoTests.build/Objects-normal/arm64/TodoTests-Swift.h -working-directory /Users/ben/code/Todo -experimental-emit-module-separately -disable-cmo

SwiftDriver\ Compilation TodoUITests normal arm64 com.apple.xcode.tools.swift.compiler (in target 'TodoUITests' from project 'Todo')
    cd /Users/ben/code/Todo
    builtin-Swift-Compilation -- /Applications/Xcode.app/Contents/Developer/Toolchains/XcodeDefault.xctoolchain/usr/bin/swiftc -module-name TodoUITests -Onone -enforce-exclusivity\=checked @/Users/ben/Library/Developer/Xcode/DerivedData/Todo-alvtuotkvbqfosbdvuppaknzabdc/Build/Intermediates.noindex/Todo.build/Debug/TodoUITests.build/Objects-normal/arm64/TodoUITests.SwiftFileList -DDEBUG -module-alias Testing\=_Testing_Unavailable -plugin-path /Applications/Xcode.app/Contents/Developer/Toolchains/XcodeDefault.xctoolchain/usr/lib/swift/host/plugins/testing -enable-bare-slash-regex -enable-experimental-feature DebugDescriptionMacro -sdk /Applications/Xcode.app/Contents/Developer/Platforms/MacOSX.platform/Developer/SDKs/MacOSX15.5.sdk -target arm64-apple-macos15.4 -g -module-cache-path /Users/ben/Library/Developer/Xcode/DerivedData/ModuleCache.noindex -Xfrontend -serialize-debugging-options -profile-coverage-mapping -profile-generate -enable-testing -index-store-path /Users/ben/Library/Developer/Xcode/DerivedData/Todo-alvtuotkvbqfosbdvuppaknzabdc/Index.noindex/DataStore -swift-version 5 -I /Users/ben/Library/Developer/Xcode/DerivedData/Todo-alvtuotkvbqfosbdvuppaknzabdc/Build/Products/Debug -I /Applications/Xcode.app/Contents/Developer/Platforms/MacOSX.platform/Developer/usr/lib -F /Users/ben/Library/Developer/Xcode/DerivedData/Todo-alvtuotkvbqfosbdvuppaknzabdc/Build/Products/Debug -F /Applications/Xcode.app/Contents/Developer/Platforms/MacOSX.platform/Developer/Library/Frameworks -c -j10 -enable-batch-mode -incremental -Xcc -ivfsstatcache -Xcc /Users/ben/Library/Developer/Xcode/DerivedData/SDKStatCaches.noindex/macosx15.5-24F74-8254517eb8b97d462ccbc072ba9094c9.sdkstatcache -output-file-map /Users/ben/Library/Developer/Xcode/DerivedData/Todo-alvtuotkvbqfosbdvuppaknzabdc/Build/Intermediates.noindex/Todo.build/Debug/TodoUITests.build/Objects-normal/arm64/TodoUITests-OutputFileMap.json -use-frontend-parseable-output -save-temps -no-color-diagnostics -serialize-diagnostics -emit-dependencies -emit-module -emit-module-path /Users/ben/Library/Developer/Xcode/DerivedData/Todo-alvtuotkvbqfosbdvuppaknzabdc/Build/Intermediates.noindex/Todo.build/Debug/TodoUITests.build/Objects-normal/arm64/TodoUITests.swiftmodule -validate-clang-modules-once -clang-build-session-file /Users/ben/Library/Developer/Xcode/DerivedData/ModuleCache.noindex/Session.modulevalidation -Xcc -I/Users/ben/Library/Developer/Xcode/DerivedData/Todo-alvtuotkvbqfosbdvuppaknzabdc/Build/Intermediates.noindex/Todo.build/Debug/TodoUITests.build/swift-overrides.hmap -emit-const-values -Xfrontend -const-gather-protocols-file -Xfrontend /Users/ben/Library/Developer/Xcode/DerivedData/Todo-alvtuotkvbqfosbdvuppaknzabdc/Build/Intermediates.noindex/Todo.build/Debug/TodoUITests.build/Objects-normal/arm64/TodoUITests_const_extract_protocols.json -Xcc -iquote -Xcc /Users/ben/Library/Developer/Xcode/DerivedData/Todo-alvtuotkvbqfosbdvuppaknzabdc/Build/Intermediates.noindex/Todo.build/Debug/TodoUITests.build/TodoUITests-generated-files.hmap -Xcc -I/Users/ben/Library/Developer/Xcode/DerivedData/Todo-alvtuotkvbqfosbdvuppaknzabdc/Build/Intermediates.noindex/Todo.build/Debug/TodoUITests.build/TodoUITests-own-target-headers.hmap -Xcc -I/Users/ben/Library/Developer/Xcode/DerivedData/Todo-alvtuotkvbqfosbdvuppaknzabdc/Build/Intermediates.noindex/Todo.build/Debug/TodoUITests.build/TodoUITests-all-target-headers.hmap -Xcc -iquote -Xcc /Users/ben/Library/Developer/Xcode/DerivedData/Todo-alvtuotkvbqfosbdvuppaknzabdc/Build/Intermediates.noindex/Todo.build/Debug/TodoUITests.build/TodoUITests-project-headers.hmap -Xcc -I/Users/ben/Library/Developer/Xcode/DerivedData/Todo-alvtuotkvbqfosbdvuppaknzabdc/Build/Products/Debug/include -Xcc -I/Users/ben/Library/Developer/Xcode/DerivedData/Todo-alvtuotkvbqfosbdvuppaknzabdc/Build/Intermediates.noindex/Todo.build/Debug/TodoUITests.build/DerivedSources-normal/arm64 -Xcc -I/Users/ben/Library/Developer/Xcode/DerivedData/Todo-alvtuotkvbqfosbdvuppaknzabdc/Build/Intermediates.noindex/Todo.build/Debug/TodoUITests.build/DerivedSources/arm64 -Xcc -I/Users/ben/Library/Developer/Xcode/DerivedData/Todo-alvtuotkvbqfosbdvuppaknzabdc/Build/Intermediates.noindex/Todo.build/Debug/TodoUITests.build/DerivedSources -Xcc -DDEBUG\=1 -emit-objc-header -emit-objc-header-path /Users/ben/Library/Developer/Xcode/DerivedData/Todo-alvtuotkvbqfosbdvuppaknzabdc/Build/Intermediates.noindex/Todo.build/Debug/TodoUITests.build/Objects-normal/arm64/TodoUITests-Swift.h -working-directory /Users/ben/code/Todo -experimental-emit-module-separately -disable-cmo

SwiftDriver\ Compilation\ Requirements TodoUITests normal arm64 com.apple.xcode.tools.swift.compiler (in target 'TodoUITests' from project 'Todo')
    cd /Users/ben/code/Todo
    builtin-Swift-Compilation-Requirements -- /Applications/Xcode.app/Contents/Developer/Toolchains/XcodeDefault.xctoolchain/usr/bin/swiftc -module-name TodoUITests -Onone -enforce-exclusivity\=checked @/Users/ben/Library/Developer/Xcode/DerivedData/Todo-alvtuotkvbqfosbdvuppaknzabdc/Build/Intermediates.noindex/Todo.build/Debug/TodoUITests.build/Objects-normal/arm64/TodoUITests.SwiftFileList -DDEBUG -module-alias Testing\=_Testing_Unavailable -plugin-path /Applications/Xcode.app/Contents/Developer/Toolchains/XcodeDefault.xctoolchain/usr/lib/swift/host/plugins/testing -enable-bare-slash-regex -enable-experimental-feature DebugDescriptionMacro -sdk /Applications/Xcode.app/Contents/Developer/Platforms/MacOSX.platform/Developer/SDKs/MacOSX15.5.sdk -target arm64-apple-macos15.4 -g -module-cache-path /Users/ben/Library/Developer/Xcode/DerivedData/ModuleCache.noindex -Xfrontend -serialize-debugging-options -profile-coverage-mapping -profile-generate -enable-testing -index-store-path /Users/ben/Library/Developer/Xcode/DerivedData/Todo-alvtuotkvbqfosbdvuppaknzabdc/Index.noindex/DataStore -swift-version 5 -I /Users/ben/Library/Developer/Xcode/DerivedData/Todo-alvtuotkvbqfosbdvuppaknzabdc/Build/Products/Debug -I /Applications/Xcode.app/Contents/Developer/Platforms/MacOSX.platform/Developer/usr/lib -F /Users/ben/Library/Developer/Xcode/DerivedData/Todo-alvtuotkvbqfosbdvuppaknzabdc/Build/Products/Debug -F /Applications/Xcode.app/Contents/Developer/Platforms/MacOSX.platform/Developer/Library/Frameworks -c -j10 -enable-batch-mode -incremental -Xcc -ivfsstatcache -Xcc /Users/ben/Library/Developer/Xcode/DerivedData/SDKStatCaches.noindex/macosx15.5-24F74-8254517eb8b97d462ccbc072ba9094c9.sdkstatcache -output-file-map /Users/ben/Library/Developer/Xcode/DerivedData/Todo-alvtuotkvbqfosbdvuppaknzabdc/Build/Intermediates.noindex/Todo.build/Debug/TodoUITests.build/Objects-normal/arm64/TodoUITests-OutputFileMap.json -use-frontend-parseable-output -save-temps -no-color-diagnostics -serialize-diagnostics -emit-dependencies -emit-module -emit-module-path /Users/ben/Library/Developer/Xcode/DerivedData/Todo-alvtuotkvbqfosbdvuppaknzabdc/Build/Intermediates.noindex/Todo.build/Debug/TodoUITests.build/Objects-normal/arm64/TodoUITests.swiftmodule -validate-clang-modules-once -clang-build-session-file /Users/ben/Library/Developer/Xcode/DerivedData/ModuleCache.noindex/Session.modulevalidation -Xcc -I/Users/ben/Library/Developer/Xcode/DerivedData/Todo-alvtuotkvbqfosbdvuppaknzabdc/Build/Intermediates.noindex/Todo.build/Debug/TodoUITests.build/swift-overrides.hmap -emit-const-values -Xfrontend -const-gather-protocols-file -Xfrontend /Users/ben/Library/Developer/Xcode/DerivedData/Todo-alvtuotkvbqfosbdvuppaknzabdc/Build/Intermediates.noindex/Todo.build/Debug/TodoUITests.build/Objects-normal/arm64/TodoUITests_const_extract_protocols.json -Xcc -iquote -Xcc /Users/ben/Library/Developer/Xcode/DerivedData/Todo-alvtuotkvbqfosbdvuppaknzabdc/Build/Intermediates.noindex/Todo.build/Debug/TodoUITests.build/TodoUITests-generated-files.hmap -Xcc -I/Users/ben/Library/Developer/Xcode/DerivedData/Todo-alvtuotkvbqfosbdvuppaknzabdc/Build/Intermediates.noindex/Todo.build/Debug/TodoUITests.build/TodoUITests-own-target-headers.hmap -Xcc -I/Users/ben/Library/Developer/Xcode/DerivedData/Todo-alvtuotkvbqfosbdvuppaknzabdc/Build/Intermediates.noindex/Todo.build/Debug/TodoUITests.build/TodoUITests-all-target-headers.hmap -Xcc -iquote -Xcc /Users/ben/Library/Developer/Xcode/DerivedData/Todo-alvtuotkvbqfosbdvuppaknzabdc/Build/Intermediates.noindex/Todo.build/Debug/TodoUITests.build/TodoUITests-project-headers.hmap -Xcc -I/Users/ben/Library/Developer/Xcode/DerivedData/Todo-alvtuotkvbqfosbdvuppaknzabdc/Build/Products/Debug/include -Xcc -I/Users/ben/Library/Developer/Xcode/DerivedData/Todo-alvtuotkvbqfosbdvuppaknzabdc/Build/Intermediates.noindex/Todo.build/Debug/TodoUITests.build/DerivedSources-normal/arm64 -Xcc -I/Users/ben/Library/Developer/Xcode/DerivedData/Todo-alvtuotkvbqfosbdvuppaknzabdc/Build/Intermediates.noindex/Todo.build/Debug/TodoUITests.build/DerivedSources/arm64 -Xcc -I/Users/ben/Library/Developer/Xcode/DerivedData/Todo-alvtuotkvbqfosbdvuppaknzabdc/Build/Intermediates.noindex/Todo.build/Debug/TodoUITests.build/DerivedSources -Xcc -DDEBUG\=1 -emit-objc-header -emit-objc-header-path /Users/ben/Library/Developer/Xcode/DerivedData/Todo-alvtuotkvbqfosbdvuppaknzabdc/Build/Intermediates.noindex/Todo.build/Debug/TodoUITests.build/Objects-normal/arm64/TodoUITests-Swift.h -working-directory /Users/ben/code/Todo -experimental-emit-module-separately -disable-cmo

SwiftEmitModule normal arm64 Emitting\ module\ for\ TodoTests (in target 'TodoTests' from project 'Todo')
Failed frontend command:
/Applications/Xcode.app/Contents/Developer/Toolchains/XcodeDefault.xctoolchain/usr/bin/swift-frontend -frontend -emit-module -experimental-skip-non-inlinable-function-bodies-without-types /Users/ben/code/Todo/TodoTests/CoreDataTaskRepositoryTests.swift /Users/ben/code/Todo/TodoTests/TaskRepositoryTests.swift /Users/ben/code/Todo/TodoTests/TodoTests.swift -target arm64-apple-macos15.4 -Xllvm -aarch64-use-tbi -enable-objc-interop -stack-check -sdk /Applications/Xcode.app/Contents/Developer/Platforms/MacOSX.platform/Developer/SDKs/MacOSX15.5.sdk -I /Users/ben/Library/Developer/Xcode/DerivedData/Todo-alvtuotkvbqfosbdvuppaknzabdc/Build/Products/Debug -I /Applications/Xcode.app/Contents/Developer/Platforms/MacOSX.platform/Developer/usr/lib -F /Users/ben/Library/Developer/Xcode/DerivedData/Todo-alvtuotkvbqfosbdvuppaknzabdc/Build/Products/Debug -F /Applications/Xcode.app/Contents/Developer/Platforms/MacOSX.platform/Developer/Library/Frameworks -no-color-diagnostics -enable-testing -g -debug-info-format\=dwarf -dwarf-version\=5 -module-cache-path /Users/ben/Library/Developer/Xcode/DerivedData/ModuleCache.noindex -profile-generate -profile-coverage-mapping -swift-version 5 -enforce-exclusivity\=checked -Onone -D DEBUG -serialize-debugging-options -const-gather-protocols-file /Users/ben/Library/Developer/Xcode/DerivedData/Todo-alvtuotkvbqfosbdvuppaknzabdc/Build/Intermediates.noindex/Todo.build/Debug/TodoTests.build/Objects-normal/arm64/TodoTests_const_extract_protocols.json -enable-experimental-feature DebugDescriptionMacro -enable-bare-slash-regex -empty-abi-descriptor -plugin-path /Applications/Xcode.app/Contents/Developer/Toolchains/XcodeDefault.xctoolchain/usr/lib/swift/host/plugins/testing -validate-clang-modules-once -clang-build-session-file /Users/ben/Library/Developer/Xcode/DerivedData/ModuleCache.noindex/Session.modulevalidation -Xcc -working-directory -Xcc /Users/ben/code/Todo -resource-dir /Applications/Xcode.app/Contents/Developer/Toolchains/XcodeDefault.xctoolchain/usr/lib/swift -enable-anonymous-context-mangled-names -file-compilation-dir /Users/ben/code/Todo -Xcc -ivfsstatcache -Xcc /Users/ben/Library/Developer/Xcode/DerivedData/SDKStatCaches.noindex/macosx15.5-24F74-8254517eb8b97d462ccbc072ba9094c9.sdkstatcache -Xcc -I/Users/ben/Library/Developer/Xcode/DerivedData/Todo-alvtuotkvbqfosbdvuppaknzabdc/Build/Intermediates.noindex/Todo.build/Debug/TodoTests.build/swift-overrides.hmap -Xcc -iquote -Xcc /Users/ben/Library/Developer/Xcode/DerivedData/Todo-alvtuotkvbqfosbdvuppaknzabdc/Build/Intermediates.noindex/Todo.build/Debug/TodoTests.build/TodoTests-generated-files.hmap -Xcc -I/Users/ben/Library/Developer/Xcode/DerivedData/Todo-alvtuotkvbqfosbdvuppaknzabdc/Build/Intermediates.noindex/Todo.build/Debug/TodoTests.build/TodoTests-own-target-headers.hmap -Xcc -I/Users/ben/Library/Developer/Xcode/DerivedData/Todo-alvtuotkvbqfosbdvuppaknzabdc/Build/Intermediates.noindex/Todo.build/Debug/TodoTests.build/TodoTests-all-target-headers.hmap -Xcc -iquote -Xcc /Users/ben/Library/Developer/Xcode/DerivedData/Todo-alvtuotkvbqfosbdvuppaknzabdc/Build/Intermediates.noindex/Todo.build/Debug/TodoTests.build/TodoTests-project-headers.hmap -Xcc -I/Users/ben/Library/Developer/Xcode/DerivedData/Todo-alvtuotkvbqfosbdvuppaknzabdc/Build/Products/Debug/include -Xcc -I/Users/ben/Library/Developer/Xcode/DerivedData/Todo-alvtuotkvbqfosbdvuppaknzabdc/Build/Intermediates.noindex/Todo.build/Debug/TodoTests.build/DerivedSources-normal/arm64 -Xcc -I/Users/ben/Library/Developer/Xcode/DerivedData/Todo-alvtuotkvbqfosbdvuppaknzabdc/Build/Intermediates.noindex/Todo.build/Debug/TodoTests.build/DerivedSources/arm64 -Xcc -I/Users/ben/Library/Developer/Xcode/DerivedData/Todo-alvtuotkvbqfosbdvuppaknzabdc/Build/Intermediates.noindex/Todo.build/Debug/TodoTests.build/DerivedSources -Xcc -DDEBUG\=1 -module-name TodoTests -frontend-parseable-output -disable-clang-spi -target-sdk-version 15.5 -target-sdk-name macosx15.5 -external-plugin-path /Applications/Xcode.app/Contents/Developer/Platforms/MacOSX.platform/Developer/usr/lib/swift/host/plugins\#/Applications/Xcode.app/Contents/Developer/Platforms/MacOSX.platform/Developer/usr/bin/swift-plugin-server -external-plugin-path /Applications/Xcode.app/Contents/Developer/Platforms/MacOSX.platform/Developer/usr/local/lib/swift/host/plugins\#/Applications/Xcode.app/Contents/Developer/Platforms/MacOSX.platform/Developer/usr/bin/swift-plugin-server -in-process-plugin-server-path /Applications/Xcode.app/Contents/Developer/Toolchains/XcodeDefault.xctoolchain/usr/lib/swift/host/libSwiftInProcPluginServer.dylib -plugin-path /Applications/Xcode.app/Contents/Developer/Toolchains/XcodeDefault.xctoolchain/usr/lib/swift/host/plugins -plugin-path /Applications/Xcode.app/Contents/Developer/Toolchains/XcodeDefault.xctoolchain/usr/local/lib/swift/host/plugins -emit-module-doc-path /Users/ben/Library/Developer/Xcode/DerivedData/Todo-alvtuotkvbqfosbdvuppaknzabdc/Build/Intermediates.noindex/Todo.build/Debug/TodoTests.build/Objects-normal/arm64/TodoTests.swiftdoc -emit-module-source-info-path /Users/ben/Library/Developer/Xcode/DerivedData/Todo-alvtuotkvbqfosbdvuppaknzabdc/Build/Intermediates.noindex/Todo.build/Debug/TodoTests.build/Objects-normal/arm64/TodoTests.swiftsourceinfo -emit-objc-header-path /Users/ben/Library/Developer/Xcode/DerivedData/Todo-alvtuotkvbqfosbdvuppaknzabdc/Build/Intermediates.noindex/Todo.build/Debug/TodoTests.build/Objects-normal/arm64/TodoTests-Swift.h -serialize-diagnostics-path /Users/ben/Library/Developer/Xcode/DerivedData/Todo-alvtuotkvbqfosbdvuppaknzabdc/Build/Intermediates.noindex/Todo.build/Debug/TodoTests.build/Objects-normal/arm64/TodoTests-master-emit-module.dia -emit-dependencies-path /Users/ben/Library/Developer/Xcode/DerivedData/Todo-alvtuotkvbqfosbdvuppaknzabdc/Build/Intermediates.noindex/Todo.build/Debug/TodoTests.build/Objects-normal/arm64/TodoTests-master-emit-module.d -o /Users/ben/Library/Developer/Xcode/DerivedData/Todo-alvtuotkvbqfosbdvuppaknzabdc/Build/Intermediates.noindex/Todo.build/Debug/TodoTests.build/Objects-normal/arm64/TodoTests.swiftmodule -emit-abi-descriptor-path /Users/ben/Library/Developer/Xcode/DerivedData/Todo-alvtuotkvbqfosbdvuppaknzabdc/Build/Intermediates.noindex/Todo.build/Debug/TodoTests.build/Objects-normal/arm64/TodoTests.abi.json

EmitSwiftModule normal arm64 (in target 'TodoTests' from project 'Todo')
    cd /Users/ben/code/Todo
    
/Users/ben/code/Todo/TodoTests/TaskRepositoryTests.swift:18:25: error: cannot find type 'MockTask' in scope
    private var tasks: [MockTask] = []
                        ^~~~~~~~

SwiftCompile normal arm64 Compiling\ CoreDataTaskRepositoryTests.swift /Users/ben/code/Todo/TodoTests/CoreDataTaskRepositoryTests.swift (in target 'TodoTests' from project 'Todo')

SwiftCompile normal arm64 /Users/ben/code/Todo/TodoTests/CoreDataTaskRepositoryTests.swift (in target 'TodoTests' from project 'Todo')
    cd /Users/ben/code/Todo
    

SwiftCompile normal arm64 Compiling\ TaskRepositoryTests.swift /Users/ben/code/Todo/TodoTests/TaskRepositoryTests.swift (in target 'TodoTests' from project 'Todo')

SwiftCompile normal arm64 /Users/ben/code/Todo/TodoTests/TaskRepositoryTests.swift (in target 'TodoTests' from project 'Todo')
    cd /Users/ben/code/Todo
    


Test session results, code coverage, and logs:
	/Users/ben/Library/Developer/Xcode/DerivedData/Todo-alvtuotkvbqfosbdvuppaknzabdc/Logs/Test/Test-Todo-2025.05.29_20-25-46--0700.xcresult

